// Vitest Snapshot v1, https://vitest.dev/guide/snapshot.html

exports[`iterFindComboArgs > generated combo args match snapshot 1`] = `
[
  {"isLured":false,"organicGags":{},"cogLvl":12,"gags":{"sound":4}},
  {"isLured":false,"organicGags":{},"cogLvl":12,"gags":{"sound":3}},
  {"isLured":false,"organicGags":{},"cogLvl":12,"gags":{"sound":2}},
  {"isLured":false,"organicGags":{},"cogLvl":12,"gags":{"sound":1}},
  {"isLured":false,"organicGags":{},"cogLvl":12,"gags":{"throw":4}},
  {"isLured":false,"organicGags":{},"cogLvl":12,"gags":{"throw":3}},
  {"isLured":false,"organicGags":{},"cogLvl":12,"gags":{"throw":2}},
  {"isLured":false,"organicGags":{},"cogLvl":12,"gags":{"throw":1}},
  {"isLured":false,"organicGags":{},"cogLvl":12,"gags":{"squirt":4}},
  {"isLured":false,"organicGags":{},"cogLvl":12,"gags":{"squirt":3}},
  {"isLured":false,"organicGags":{},"cogLvl":12,"gags":{"squirt":2}},
  {"isLured":false,"organicGags":{},"cogLvl":12,"gags":{"squirt":1}},
  {"isLured":false,"organicGags":{},"cogLvl":12,"gags":{"drop":3,"sound":1}},
  {"isLured":false,"organicGags":{},"cogLvl":12,"gags":{"drop":2,"sound":1}},
  {"isLured":false,"organicGags":{},"cogLvl":12,"gags":{"drop":1,"sound":1}},
  {"isLured":false,"organicGags":{},"cogLvl":12,"gags":{"drop":1,"sound":0}},
  {"isLured":false,"organicGags":{},"cogLvl":12,"gags":{"drop":3,"throw":1}},
  {"isLured":false,"organicGags":{},"cogLvl":12,"gags":{"drop":2,"throw":1}},
  {"isLured":false,"organicGags":{},"cogLvl":12,"gags":{"drop":1,"throw":1}},
  {"isLured":false,"organicGags":{},"cogLvl":12,"gags":{"drop":1,"throw":0}},
  {"isLured":false,"organicGags":{},"cogLvl":12,"gags":{"drop":3,"squirt":1}},
  {"isLured":false,"organicGags":{},"cogLvl":12,"gags":{"drop":2,"squirt":1}},
  {"isLured":false,"organicGags":{},"cogLvl":12,"gags":{"drop":1,"squirt":1}},
  {"isLured":false,"organicGags":{},"cogLvl":12,"gags":{"drop":1,"squirt":0}},
  {"isLured":false,"organicGags":{},"cogLvl":11,"gags":{"sound":4}},
  {"isLured":false,"organicGags":{},"cogLvl":11,"gags":{"sound":3}},
  {"isLured":false,"organicGags":{},"cogLvl":11,"gags":{"sound":2}},
  {"isLured":false,"organicGags":{},"cogLvl":11,"gags":{"sound":1}},
  {"isLured":false,"organicGags":{},"cogLvl":11,"gags":{"throw":4}},
  {"isLured":false,"organicGags":{},"cogLvl":11,"gags":{"throw":3}},
  {"isLured":false,"organicGags":{},"cogLvl":11,"gags":{"throw":2}},
  {"isLured":false,"organicGags":{},"cogLvl":11,"gags":{"throw":1}},
  {"isLured":false,"organicGags":{},"cogLvl":11,"gags":{"squirt":4}},
  {"isLured":false,"organicGags":{},"cogLvl":11,"gags":{"squirt":3}},
  {"isLured":false,"organicGags":{},"cogLvl":11,"gags":{"squirt":2}},
  {"isLured":false,"organicGags":{},"cogLvl":11,"gags":{"squirt":1}},
  {"isLured":false,"organicGags":{},"cogLvl":11,"gags":{"drop":3,"sound":1}},
  {"isLured":false,"organicGags":{},"cogLvl":11,"gags":{"drop":2,"sound":1}},
  {"isLured":false,"organicGags":{},"cogLvl":11,"gags":{"drop":1,"sound":1}},
  {"isLured":false,"organicGags":{},"cogLvl":11,"gags":{"drop":1,"sound":0}},
  {"isLured":false,"organicGags":{},"cogLvl":11,"gags":{"drop":3,"throw":1}},
  {"isLured":false,"organicGags":{},"cogLvl":11,"gags":{"drop":2,"throw":1}},
  {"isLured":false,"organicGags":{},"cogLvl":11,"gags":{"drop":1,"throw":1}},
  {"isLured":false,"organicGags":{},"cogLvl":11,"gags":{"drop":1,"throw":0}},
  {"isLured":false,"organicGags":{},"cogLvl":11,"gags":{"drop":3,"squirt":1}},
  {"isLured":false,"organicGags":{},"cogLvl":11,"gags":{"drop":2,"squirt":1}},
  {"isLured":false,"organicGags":{},"cogLvl":11,"gags":{"drop":1,"squirt":1}},
  {"isLured":false,"organicGags":{},"cogLvl":11,"gags":{"drop":1,"squirt":0}},
  {"isLured":false,"organicGags":{},"cogLvl":10,"gags":{"sound":4}},
  {"isLured":false,"organicGags":{},"cogLvl":10,"gags":{"sound":3}},
  {"isLured":false,"organicGags":{},"cogLvl":10,"gags":{"sound":2}},
  {"isLured":false,"organicGags":{},"cogLvl":10,"gags":{"sound":1}},
  {"isLured":false,"organicGags":{},"cogLvl":10,"gags":{"throw":4}},
  {"isLured":false,"organicGags":{},"cogLvl":10,"gags":{"throw":3}},
  {"isLured":false,"organicGags":{},"cogLvl":10,"gags":{"throw":2}},
  {"isLured":false,"organicGags":{},"cogLvl":10,"gags":{"throw":1}},
  {"isLured":false,"organicGags":{},"cogLvl":10,"gags":{"squirt":4}},
  {"isLured":false,"organicGags":{},"cogLvl":10,"gags":{"squirt":3}},
  {"isLured":false,"organicGags":{},"cogLvl":10,"gags":{"squirt":2}},
  {"isLured":false,"organicGags":{},"cogLvl":10,"gags":{"squirt":1}},
  {"isLured":false,"organicGags":{},"cogLvl":10,"gags":{"drop":3,"sound":1}},
  {"isLured":false,"organicGags":{},"cogLvl":10,"gags":{"drop":2,"sound":1}},
  {"isLured":false,"organicGags":{},"cogLvl":10,"gags":{"drop":1,"sound":1}},
  {"isLured":false,"organicGags":{},"cogLvl":10,"gags":{"drop":1,"sound":0}},
  {"isLured":false,"organicGags":{},"cogLvl":10,"gags":{"drop":3,"throw":1}},
  {"isLured":false,"organicGags":{},"cogLvl":10,"gags":{"drop":2,"throw":1}},
  {"isLured":false,"organicGags":{},"cogLvl":10,"gags":{"drop":1,"throw":1}},
  {"isLured":false,"organicGags":{},"cogLvl":10,"gags":{"drop":1,"throw":0}},
  {"isLured":false,"organicGags":{},"cogLvl":10,"gags":{"drop":3,"squirt":1}},
  {"isLured":false,"organicGags":{},"cogLvl":10,"gags":{"drop":2,"squirt":1}},
  {"isLured":false,"organicGags":{},"cogLvl":10,"gags":{"drop":1,"squirt":1}},
  {"isLured":false,"organicGags":{},"cogLvl":10,"gags":{"drop":1,"squirt":0}},
  {"isLured":false,"organicGags":{},"cogLvl":9,"gags":{"sound":4}},
  {"isLured":false,"organicGags":{},"cogLvl":9,"gags":{"sound":3}},
  {"isLured":false,"organicGags":{},"cogLvl":9,"gags":{"sound":2}},
  {"isLured":false,"organicGags":{},"cogLvl":9,"gags":{"sound":1}},
  {"isLured":false,"organicGags":{},"cogLvl":9,"gags":{"throw":4}},
  {"isLured":false,"organicGags":{},"cogLvl":9,"gags":{"throw":3}},
  {"isLured":false,"organicGags":{},"cogLvl":9,"gags":{"throw":2}},
  {"isLured":false,"organicGags":{},"cogLvl":9,"gags":{"throw":1}},
  {"isLured":false,"organicGags":{},"cogLvl":9,"gags":{"squirt":4}},
  {"isLured":false,"organicGags":{},"cogLvl":9,"gags":{"squirt":3}},
  {"isLured":false,"organicGags":{},"cogLvl":9,"gags":{"squirt":2}},
  {"isLured":false,"organicGags":{},"cogLvl":9,"gags":{"squirt":1}},
  {"isLured":false,"organicGags":{},"cogLvl":9,"gags":{"drop":3,"sound":1}},
  {"isLured":false,"organicGags":{},"cogLvl":9,"gags":{"drop":2,"sound":1}},
  {"isLured":false,"organicGags":{},"cogLvl":9,"gags":{"drop":1,"sound":1}},
  {"isLured":false,"organicGags":{},"cogLvl":9,"gags":{"drop":1,"sound":0}},
  {"isLured":false,"organicGags":{},"cogLvl":9,"gags":{"drop":3,"throw":1}},
  {"isLured":false,"organicGags":{},"cogLvl":9,"gags":{"drop":2,"throw":1}},
  {"isLured":false,"organicGags":{},"cogLvl":9,"gags":{"drop":1,"throw":1}},
  {"isLured":false,"organicGags":{},"cogLvl":9,"gags":{"drop":1,"throw":0}},
  {"isLured":false,"organicGags":{},"cogLvl":9,"gags":{"drop":3,"squirt":1}},
  {"isLured":false,"organicGags":{},"cogLvl":9,"gags":{"drop":2,"squirt":1}},
  {"isLured":false,"organicGags":{},"cogLvl":9,"gags":{"drop":1,"squirt":1}},
  {"isLured":false,"organicGags":{},"cogLvl":9,"gags":{"drop":1,"squirt":0}},
  {"isLured":false,"organicGags":{},"cogLvl":8,"gags":{"sound":4}},
  {"isLured":false,"organicGags":{},"cogLvl":8,"gags":{"sound":3}},
  {"isLured":false,"organicGags":{},"cogLvl":8,"gags":{"sound":2}},
  {"isLured":false,"organicGags":{},"cogLvl":8,"gags":{"sound":1}},
  {"isLured":false,"organicGags":{},"cogLvl":8,"gags":{"throw":4}},
  {"isLured":false,"organicGags":{},"cogLvl":8,"gags":{"throw":3}},
  {"isLured":false,"organicGags":{},"cogLvl":8,"gags":{"throw":2}},
  {"isLured":false,"organicGags":{},"cogLvl":8,"gags":{"throw":1}},
  {"isLured":false,"organicGags":{},"cogLvl":8,"gags":{"squirt":4}},
  {"isLured":false,"organicGags":{},"cogLvl":8,"gags":{"squirt":3}},
  {"isLured":false,"organicGags":{},"cogLvl":8,"gags":{"squirt":2}},
  {"isLured":false,"organicGags":{},"cogLvl":8,"gags":{"squirt":1}},
  {"isLured":false,"organicGags":{},"cogLvl":8,"gags":{"drop":3,"sound":1}},
  {"isLured":false,"organicGags":{},"cogLvl":8,"gags":{"drop":2,"sound":1}},
  {"isLured":false,"organicGags":{},"cogLvl":8,"gags":{"drop":1,"sound":1}},
  {"isLured":false,"organicGags":{},"cogLvl":8,"gags":{"drop":1,"sound":0}},
  {"isLured":false,"organicGags":{},"cogLvl":8,"gags":{"drop":3,"throw":1}},
  {"isLured":false,"organicGags":{},"cogLvl":8,"gags":{"drop":2,"throw":1}},
  {"isLured":false,"organicGags":{},"cogLvl":8,"gags":{"drop":1,"throw":1}},
  {"isLured":false,"organicGags":{},"cogLvl":8,"gags":{"drop":1,"throw":0}},
  {"isLured":false,"organicGags":{},"cogLvl":8,"gags":{"drop":3,"squirt":1}},
  {"isLured":false,"organicGags":{},"cogLvl":8,"gags":{"drop":2,"squirt":1}},
  {"isLured":false,"organicGags":{},"cogLvl":8,"gags":{"drop":1,"squirt":1}},
  {"isLured":false,"organicGags":{},"cogLvl":8,"gags":{"drop":1,"squirt":0}},
  {"isLured":false,"organicGags":{},"cogLvl":7,"gags":{"sound":4}},
  {"isLured":false,"organicGags":{},"cogLvl":7,"gags":{"sound":3}},
  {"isLured":false,"organicGags":{},"cogLvl":7,"gags":{"sound":2}},
  {"isLured":false,"organicGags":{},"cogLvl":7,"gags":{"sound":1}},
  {"isLured":false,"organicGags":{},"cogLvl":7,"gags":{"throw":4}},
  {"isLured":false,"organicGags":{},"cogLvl":7,"gags":{"throw":3}},
  {"isLured":false,"organicGags":{},"cogLvl":7,"gags":{"throw":2}},
  {"isLured":false,"organicGags":{},"cogLvl":7,"gags":{"throw":1}},
  {"isLured":false,"organicGags":{},"cogLvl":7,"gags":{"squirt":4}},
  {"isLured":false,"organicGags":{},"cogLvl":7,"gags":{"squirt":3}},
  {"isLured":false,"organicGags":{},"cogLvl":7,"gags":{"squirt":2}},
  {"isLured":false,"organicGags":{},"cogLvl":7,"gags":{"squirt":1}},
  {"isLured":false,"organicGags":{},"cogLvl":7,"gags":{"drop":3,"sound":1}},
  {"isLured":false,"organicGags":{},"cogLvl":7,"gags":{"drop":2,"sound":1}},
  {"isLured":false,"organicGags":{},"cogLvl":7,"gags":{"drop":1,"sound":1}},
  {"isLured":false,"organicGags":{},"cogLvl":7,"gags":{"drop":1,"sound":0}},
  {"isLured":false,"organicGags":{},"cogLvl":7,"gags":{"drop":3,"throw":1}},
  {"isLured":false,"organicGags":{},"cogLvl":7,"gags":{"drop":2,"throw":1}},
  {"isLured":false,"organicGags":{},"cogLvl":7,"gags":{"drop":1,"throw":1}},
  {"isLured":false,"organicGags":{},"cogLvl":7,"gags":{"drop":1,"throw":0}},
  {"isLured":false,"organicGags":{},"cogLvl":7,"gags":{"drop":3,"squirt":1}},
  {"isLured":false,"organicGags":{},"cogLvl":7,"gags":{"drop":2,"squirt":1}},
  {"isLured":false,"organicGags":{},"cogLvl":7,"gags":{"drop":1,"squirt":1}},
  {"isLured":false,"organicGags":{},"cogLvl":7,"gags":{"drop":1,"squirt":0}},
  {"isLured":false,"organicGags":{},"cogLvl":6,"gags":{"sound":4}},
  {"isLured":false,"organicGags":{},"cogLvl":6,"gags":{"sound":3}},
  {"isLured":false,"organicGags":{},"cogLvl":6,"gags":{"sound":2}},
  {"isLured":false,"organicGags":{},"cogLvl":6,"gags":{"sound":1}},
  {"isLured":false,"organicGags":{},"cogLvl":6,"gags":{"throw":4}},
  {"isLured":false,"organicGags":{},"cogLvl":6,"gags":{"throw":3}},
  {"isLured":false,"organicGags":{},"cogLvl":6,"gags":{"throw":2}},
  {"isLured":false,"organicGags":{},"cogLvl":6,"gags":{"throw":1}},
  {"isLured":false,"organicGags":{},"cogLvl":6,"gags":{"squirt":4}},
  {"isLured":false,"organicGags":{},"cogLvl":6,"gags":{"squirt":3}},
  {"isLured":false,"organicGags":{},"cogLvl":6,"gags":{"squirt":2}},
  {"isLured":false,"organicGags":{},"cogLvl":6,"gags":{"squirt":1}},
  {"isLured":false,"organicGags":{},"cogLvl":6,"gags":{"drop":3,"sound":1}},
  {"isLured":false,"organicGags":{},"cogLvl":6,"gags":{"drop":2,"sound":1}},
  {"isLured":false,"organicGags":{},"cogLvl":6,"gags":{"drop":1,"sound":1}},
  {"isLured":false,"organicGags":{},"cogLvl":6,"gags":{"drop":1,"sound":0}},
  {"isLured":false,"organicGags":{},"cogLvl":6,"gags":{"drop":3,"throw":1}},
  {"isLured":false,"organicGags":{},"cogLvl":6,"gags":{"drop":2,"throw":1}},
  {"isLured":false,"organicGags":{},"cogLvl":6,"gags":{"drop":1,"throw":1}},
  {"isLured":false,"organicGags":{},"cogLvl":6,"gags":{"drop":1,"throw":0}},
  {"isLured":false,"organicGags":{},"cogLvl":6,"gags":{"drop":3,"squirt":1}},
  {"isLured":false,"organicGags":{},"cogLvl":6,"gags":{"drop":2,"squirt":1}},
  {"isLured":false,"organicGags":{},"cogLvl":6,"gags":{"drop":1,"squirt":1}},
  {"isLured":false,"organicGags":{},"cogLvl":6,"gags":{"drop":1,"squirt":0}},
  {"isLured":false,"organicGags":{},"cogLvl":5,"gags":{"sound":4}},
  {"isLured":false,"organicGags":{},"cogLvl":5,"gags":{"sound":3}},
  {"isLured":false,"organicGags":{},"cogLvl":5,"gags":{"sound":2}},
  {"isLured":false,"organicGags":{},"cogLvl":5,"gags":{"sound":1}},
  {"isLured":false,"organicGags":{},"cogLvl":5,"gags":{"throw":4}},
  {"isLured":false,"organicGags":{},"cogLvl":5,"gags":{"throw":3}},
  {"isLured":false,"organicGags":{},"cogLvl":5,"gags":{"throw":2}},
  {"isLured":false,"organicGags":{},"cogLvl":5,"gags":{"throw":1}},
  {"isLured":false,"organicGags":{},"cogLvl":5,"gags":{"squirt":4}},
  {"isLured":false,"organicGags":{},"cogLvl":5,"gags":{"squirt":3}},
  {"isLured":false,"organicGags":{},"cogLvl":5,"gags":{"squirt":2}},
  {"isLured":false,"organicGags":{},"cogLvl":5,"gags":{"squirt":1}},
  {"isLured":false,"organicGags":{},"cogLvl":5,"gags":{"drop":3,"sound":1}},
  {"isLured":false,"organicGags":{},"cogLvl":5,"gags":{"drop":2,"sound":1}},
  {"isLured":false,"organicGags":{},"cogLvl":5,"gags":{"drop":1,"sound":1}},
  {"isLured":false,"organicGags":{},"cogLvl":5,"gags":{"drop":1,"sound":0}},
  {"isLured":false,"organicGags":{},"cogLvl":5,"gags":{"drop":3,"throw":1}},
  {"isLured":false,"organicGags":{},"cogLvl":5,"gags":{"drop":2,"throw":1}},
  {"isLured":false,"organicGags":{},"cogLvl":5,"gags":{"drop":1,"throw":1}},
  {"isLured":false,"organicGags":{},"cogLvl":5,"gags":{"drop":1,"throw":0}},
  {"isLured":false,"organicGags":{},"cogLvl":5,"gags":{"drop":3,"squirt":1}},
  {"isLured":false,"organicGags":{},"cogLvl":5,"gags":{"drop":2,"squirt":1}},
  {"isLured":false,"organicGags":{},"cogLvl":5,"gags":{"drop":1,"squirt":1}},
  {"isLured":false,"organicGags":{},"cogLvl":5,"gags":{"drop":1,"squirt":0}},
  {"isLured":false,"organicGags":{},"cogLvl":4,"gags":{"sound":4}},
  {"isLured":false,"organicGags":{},"cogLvl":4,"gags":{"sound":3}},
  {"isLured":false,"organicGags":{},"cogLvl":4,"gags":{"sound":2}},
  {"isLured":false,"organicGags":{},"cogLvl":4,"gags":{"sound":1}},
  {"isLured":false,"organicGags":{},"cogLvl":4,"gags":{"throw":4}},
  {"isLured":false,"organicGags":{},"cogLvl":4,"gags":{"throw":3}},
  {"isLured":false,"organicGags":{},"cogLvl":4,"gags":{"throw":2}},
  {"isLured":false,"organicGags":{},"cogLvl":4,"gags":{"throw":1}},
  {"isLured":false,"organicGags":{},"cogLvl":4,"gags":{"squirt":4}},
  {"isLured":false,"organicGags":{},"cogLvl":4,"gags":{"squirt":3}},
  {"isLured":false,"organicGags":{},"cogLvl":4,"gags":{"squirt":2}},
  {"isLured":false,"organicGags":{},"cogLvl":4,"gags":{"squirt":1}},
  {"isLured":false,"organicGags":{},"cogLvl":4,"gags":{"drop":3,"sound":1}},
  {"isLured":false,"organicGags":{},"cogLvl":4,"gags":{"drop":2,"sound":1}},
  {"isLured":false,"organicGags":{},"cogLvl":4,"gags":{"drop":1,"sound":1}},
  {"isLured":false,"organicGags":{},"cogLvl":4,"gags":{"drop":1,"sound":0}},
  {"isLured":false,"organicGags":{},"cogLvl":4,"gags":{"drop":3,"throw":1}},
  {"isLured":false,"organicGags":{},"cogLvl":4,"gags":{"drop":2,"throw":1}},
  {"isLured":false,"organicGags":{},"cogLvl":4,"gags":{"drop":1,"throw":1}},
  {"isLured":false,"organicGags":{},"cogLvl":4,"gags":{"drop":1,"throw":0}},
  {"isLured":false,"organicGags":{},"cogLvl":4,"gags":{"drop":3,"squirt":1}},
  {"isLured":false,"organicGags":{},"cogLvl":4,"gags":{"drop":2,"squirt":1}},
  {"isLured":false,"organicGags":{},"cogLvl":4,"gags":{"drop":1,"squirt":1}},
  {"isLured":false,"organicGags":{},"cogLvl":4,"gags":{"drop":1,"squirt":0}},
  {"isLured":false,"organicGags":{},"cogLvl":3,"gags":{"sound":4}},
  {"isLured":false,"organicGags":{},"cogLvl":3,"gags":{"sound":3}},
  {"isLured":false,"organicGags":{},"cogLvl":3,"gags":{"sound":2}},
  {"isLured":false,"organicGags":{},"cogLvl":3,"gags":{"sound":1}},
  {"isLured":false,"organicGags":{},"cogLvl":3,"gags":{"throw":4}},
  {"isLured":false,"organicGags":{},"cogLvl":3,"gags":{"throw":3}},
  {"isLured":false,"organicGags":{},"cogLvl":3,"gags":{"throw":2}},
  {"isLured":false,"organicGags":{},"cogLvl":3,"gags":{"throw":1}},
  {"isLured":false,"organicGags":{},"cogLvl":3,"gags":{"squirt":4}},
  {"isLured":false,"organicGags":{},"cogLvl":3,"gags":{"squirt":3}},
  {"isLured":false,"organicGags":{},"cogLvl":3,"gags":{"squirt":2}},
  {"isLured":false,"organicGags":{},"cogLvl":3,"gags":{"squirt":1}},
  {"isLured":false,"organicGags":{},"cogLvl":3,"gags":{"drop":3,"sound":1}},
  {"isLured":false,"organicGags":{},"cogLvl":3,"gags":{"drop":2,"sound":1}},
  {"isLured":false,"organicGags":{},"cogLvl":3,"gags":{"drop":1,"sound":1}},
  {"isLured":false,"organicGags":{},"cogLvl":3,"gags":{"drop":1,"sound":0}},
  {"isLured":false,"organicGags":{},"cogLvl":3,"gags":{"drop":3,"throw":1}},
  {"isLured":false,"organicGags":{},"cogLvl":3,"gags":{"drop":2,"throw":1}},
  {"isLured":false,"organicGags":{},"cogLvl":3,"gags":{"drop":1,"throw":1}},
  {"isLured":false,"organicGags":{},"cogLvl":3,"gags":{"drop":1,"throw":0}},
  {"isLured":false,"organicGags":{},"cogLvl":3,"gags":{"drop":3,"squirt":1}},
  {"isLured":false,"organicGags":{},"cogLvl":3,"gags":{"drop":2,"squirt":1}},
  {"isLured":false,"organicGags":{},"cogLvl":3,"gags":{"drop":1,"squirt":1}},
  {"isLured":false,"organicGags":{},"cogLvl":3,"gags":{"drop":1,"squirt":0}},
  {"isLured":false,"organicGags":{},"cogLvl":2,"gags":{"sound":4}},
  {"isLured":false,"organicGags":{},"cogLvl":2,"gags":{"sound":3}},
  {"isLured":false,"organicGags":{},"cogLvl":2,"gags":{"sound":2}},
  {"isLured":false,"organicGags":{},"cogLvl":2,"gags":{"sound":1}},
  {"isLured":false,"organicGags":{},"cogLvl":2,"gags":{"throw":4}},
  {"isLured":false,"organicGags":{},"cogLvl":2,"gags":{"throw":3}},
  {"isLured":false,"organicGags":{},"cogLvl":2,"gags":{"throw":2}},
  {"isLured":false,"organicGags":{},"cogLvl":2,"gags":{"throw":1}},
  {"isLured":false,"organicGags":{},"cogLvl":2,"gags":{"squirt":4}},
  {"isLured":false,"organicGags":{},"cogLvl":2,"gags":{"squirt":3}},
  {"isLured":false,"organicGags":{},"cogLvl":2,"gags":{"squirt":2}},
  {"isLured":false,"organicGags":{},"cogLvl":2,"gags":{"squirt":1}},
  {"isLured":false,"organicGags":{},"cogLvl":2,"gags":{"drop":3,"sound":1}},
  {"isLured":false,"organicGags":{},"cogLvl":2,"gags":{"drop":2,"sound":1}},
  {"isLured":false,"organicGags":{},"cogLvl":2,"gags":{"drop":1,"sound":1}},
  {"isLured":false,"organicGags":{},"cogLvl":2,"gags":{"drop":1,"sound":0}},
  {"isLured":false,"organicGags":{},"cogLvl":2,"gags":{"drop":3,"throw":1}},
  {"isLured":false,"organicGags":{},"cogLvl":2,"gags":{"drop":2,"throw":1}},
  {"isLured":false,"organicGags":{},"cogLvl":2,"gags":{"drop":1,"throw":1}},
  {"isLured":false,"organicGags":{},"cogLvl":2,"gags":{"drop":1,"throw":0}},
  {"isLured":false,"organicGags":{},"cogLvl":2,"gags":{"drop":3,"squirt":1}},
  {"isLured":false,"organicGags":{},"cogLvl":2,"gags":{"drop":2,"squirt":1}},
  {"isLured":false,"organicGags":{},"cogLvl":2,"gags":{"drop":1,"squirt":1}},
  {"isLured":false,"organicGags":{},"cogLvl":2,"gags":{"drop":1,"squirt":0}},
  {"isLured":false,"organicGags":{},"cogLvl":1,"gags":{"sound":4}},
  {"isLured":false,"organicGags":{},"cogLvl":1,"gags":{"sound":3}},
  {"isLured":false,"organicGags":{},"cogLvl":1,"gags":{"sound":2}},
  {"isLured":false,"organicGags":{},"cogLvl":1,"gags":{"sound":1}},
  {"isLured":false,"organicGags":{},"cogLvl":1,"gags":{"throw":4}},
  {"isLured":false,"organicGags":{},"cogLvl":1,"gags":{"throw":3}},
  {"isLured":false,"organicGags":{},"cogLvl":1,"gags":{"throw":2}},
  {"isLured":false,"organicGags":{},"cogLvl":1,"gags":{"throw":1}},
  {"isLured":false,"organicGags":{},"cogLvl":1,"gags":{"squirt":4}},
  {"isLured":false,"organicGags":{},"cogLvl":1,"gags":{"squirt":3}},
  {"isLured":false,"organicGags":{},"cogLvl":1,"gags":{"squirt":2}},
  {"isLured":false,"organicGags":{},"cogLvl":1,"gags":{"squirt":1}},
  {"isLured":false,"organicGags":{},"cogLvl":1,"gags":{"drop":3,"sound":1}},
  {"isLured":false,"organicGags":{},"cogLvl":1,"gags":{"drop":2,"sound":1}},
  {"isLured":false,"organicGags":{},"cogLvl":1,"gags":{"drop":1,"sound":1}},
  {"isLured":false,"organicGags":{},"cogLvl":1,"gags":{"drop":1,"sound":0}},
  {"isLured":false,"organicGags":{},"cogLvl":1,"gags":{"drop":3,"throw":1}},
  {"isLured":false,"organicGags":{},"cogLvl":1,"gags":{"drop":2,"throw":1}},
  {"isLured":false,"organicGags":{},"cogLvl":1,"gags":{"drop":1,"throw":1}},
  {"isLured":false,"organicGags":{},"cogLvl":1,"gags":{"drop":1,"throw":0}},
  {"isLured":false,"organicGags":{},"cogLvl":1,"gags":{"drop":3,"squirt":1}},
  {"isLured":false,"organicGags":{},"cogLvl":1,"gags":{"drop":2,"squirt":1}},
  {"isLured":false,"organicGags":{},"cogLvl":1,"gags":{"drop":1,"squirt":1}},
  {"isLured":false,"organicGags":{},"cogLvl":1,"gags":{"drop":1,"squirt":0}},
]
`;
