// Vitest Snapshot v1, https://vitest.dev/guide/snapshot.html

exports[`iterFindComboArgs > generated combo args match snapshot 1`] = `
[
  {"cogLvl":12,"isLured":false,"gags":{"sound":4},"organicGags":{}},
  {"cogLvl":12,"isLured":false,"gags":{"sound":3},"organicGags":{}},
  {"cogLvl":12,"isLured":false,"gags":{"sound":2},"organicGags":{}},
  {"cogLvl":12,"isLured":false,"gags":{"sound":1},"organicGags":{}},
  {"cogLvl":12,"isLured":false,"gags":{"throw":4},"organicGags":{}},
  {"cogLvl":12,"isLured":false,"gags":{"throw":3},"organicGags":{}},
  {"cogLvl":12,"isLured":false,"gags":{"throw":2},"organicGags":{}},
  {"cogLvl":12,"isLured":false,"gags":{"throw":1},"organicGags":{}},
  {"cogLvl":12,"isLured":false,"gags":{"squirt":4},"organicGags":{}},
  {"cogLvl":12,"isLured":false,"gags":{"squirt":3},"organicGags":{}},
  {"cogLvl":12,"isLured":false,"gags":{"squirt":2},"organicGags":{}},
  {"cogLvl":12,"isLured":false,"gags":{"squirt":1},"organicGags":{}},
  {"cogLvl":12,"isLured":false,"gags":{"drop":3,"sound":1},"organicGags":{}},
  {"cogLvl":12,"isLured":false,"gags":{"drop":2,"sound":1},"organicGags":{}},
  {"cogLvl":12,"isLured":false,"gags":{"drop":1,"sound":1},"organicGags":{}},
  {"cogLvl":12,"isLured":false,"gags":{"drop":1,"sound":0},"organicGags":{}},
  {"cogLvl":12,"isLured":false,"gags":{"drop":3,"throw":1},"organicGags":{}},
  {"cogLvl":12,"isLured":false,"gags":{"drop":2,"throw":1},"organicGags":{}},
  {"cogLvl":12,"isLured":false,"gags":{"drop":1,"throw":1},"organicGags":{}},
  {"cogLvl":12,"isLured":false,"gags":{"drop":1,"throw":0},"organicGags":{}},
  {"cogLvl":12,"isLured":false,"gags":{"drop":3,"squirt":1},"organicGags":{}},
  {"cogLvl":12,"isLured":false,"gags":{"drop":2,"squirt":1},"organicGags":{}},
  {"cogLvl":12,"isLured":false,"gags":{"drop":1,"squirt":1},"organicGags":{}},
  {"cogLvl":12,"isLured":false,"gags":{"drop":1,"squirt":0},"organicGags":{}},
  {"cogLvl":11,"isLured":false,"gags":{"sound":4},"organicGags":{}},
  {"cogLvl":11,"isLured":false,"gags":{"sound":3},"organicGags":{}},
  {"cogLvl":11,"isLured":false,"gags":{"sound":2},"organicGags":{}},
  {"cogLvl":11,"isLured":false,"gags":{"sound":1},"organicGags":{}},
  {"cogLvl":11,"isLured":false,"gags":{"throw":4},"organicGags":{}},
  {"cogLvl":11,"isLured":false,"gags":{"throw":3},"organicGags":{}},
  {"cogLvl":11,"isLured":false,"gags":{"throw":2},"organicGags":{}},
  {"cogLvl":11,"isLured":false,"gags":{"throw":1},"organicGags":{}},
  {"cogLvl":11,"isLured":false,"gags":{"squirt":4},"organicGags":{}},
  {"cogLvl":11,"isLured":false,"gags":{"squirt":3},"organicGags":{}},
  {"cogLvl":11,"isLured":false,"gags":{"squirt":2},"organicGags":{}},
  {"cogLvl":11,"isLured":false,"gags":{"squirt":1},"organicGags":{}},
  {"cogLvl":11,"isLured":false,"gags":{"drop":3,"sound":1},"organicGags":{}},
  {"cogLvl":11,"isLured":false,"gags":{"drop":2,"sound":1},"organicGags":{}},
  {"cogLvl":11,"isLured":false,"gags":{"drop":1,"sound":1},"organicGags":{}},
  {"cogLvl":11,"isLured":false,"gags":{"drop":1,"sound":0},"organicGags":{}},
  {"cogLvl":11,"isLured":false,"gags":{"drop":3,"throw":1},"organicGags":{}},
  {"cogLvl":11,"isLured":false,"gags":{"drop":2,"throw":1},"organicGags":{}},
  {"cogLvl":11,"isLured":false,"gags":{"drop":1,"throw":1},"organicGags":{}},
  {"cogLvl":11,"isLured":false,"gags":{"drop":1,"throw":0},"organicGags":{}},
  {"cogLvl":11,"isLured":false,"gags":{"drop":3,"squirt":1},"organicGags":{}},
  {"cogLvl":11,"isLured":false,"gags":{"drop":2,"squirt":1},"organicGags":{}},
  {"cogLvl":11,"isLured":false,"gags":{"drop":1,"squirt":1},"organicGags":{}},
  {"cogLvl":11,"isLured":false,"gags":{"drop":1,"squirt":0},"organicGags":{}},
  {"cogLvl":10,"isLured":false,"gags":{"sound":4},"organicGags":{}},
  {"cogLvl":10,"isLured":false,"gags":{"sound":3},"organicGags":{}},
  {"cogLvl":10,"isLured":false,"gags":{"sound":2},"organicGags":{}},
  {"cogLvl":10,"isLured":false,"gags":{"sound":1},"organicGags":{}},
  {"cogLvl":10,"isLured":false,"gags":{"throw":4},"organicGags":{}},
  {"cogLvl":10,"isLured":false,"gags":{"throw":3},"organicGags":{}},
  {"cogLvl":10,"isLured":false,"gags":{"throw":2},"organicGags":{}},
  {"cogLvl":10,"isLured":false,"gags":{"throw":1},"organicGags":{}},
  {"cogLvl":10,"isLured":false,"gags":{"squirt":4},"organicGags":{}},
  {"cogLvl":10,"isLured":false,"gags":{"squirt":3},"organicGags":{}},
  {"cogLvl":10,"isLured":false,"gags":{"squirt":2},"organicGags":{}},
  {"cogLvl":10,"isLured":false,"gags":{"squirt":1},"organicGags":{}},
  {"cogLvl":10,"isLured":false,"gags":{"drop":3,"sound":1},"organicGags":{}},
  {"cogLvl":10,"isLured":false,"gags":{"drop":2,"sound":1},"organicGags":{}},
  {"cogLvl":10,"isLured":false,"gags":{"drop":1,"sound":1},"organicGags":{}},
  {"cogLvl":10,"isLured":false,"gags":{"drop":1,"sound":0},"organicGags":{}},
  {"cogLvl":10,"isLured":false,"gags":{"drop":3,"throw":1},"organicGags":{}},
  {"cogLvl":10,"isLured":false,"gags":{"drop":2,"throw":1},"organicGags":{}},
  {"cogLvl":10,"isLured":false,"gags":{"drop":1,"throw":1},"organicGags":{}},
  {"cogLvl":10,"isLured":false,"gags":{"drop":1,"throw":0},"organicGags":{}},
  {"cogLvl":10,"isLured":false,"gags":{"drop":3,"squirt":1},"organicGags":{}},
  {"cogLvl":10,"isLured":false,"gags":{"drop":2,"squirt":1},"organicGags":{}},
  {"cogLvl":10,"isLured":false,"gags":{"drop":1,"squirt":1},"organicGags":{}},
  {"cogLvl":10,"isLured":false,"gags":{"drop":1,"squirt":0},"organicGags":{}},
  {"cogLvl":9,"isLured":false,"gags":{"sound":4},"organicGags":{}},
  {"cogLvl":9,"isLured":false,"gags":{"sound":3},"organicGags":{}},
  {"cogLvl":9,"isLured":false,"gags":{"sound":2},"organicGags":{}},
  {"cogLvl":9,"isLured":false,"gags":{"sound":1},"organicGags":{}},
  {"cogLvl":9,"isLured":false,"gags":{"throw":4},"organicGags":{}},
  {"cogLvl":9,"isLured":false,"gags":{"throw":3},"organicGags":{}},
  {"cogLvl":9,"isLured":false,"gags":{"throw":2},"organicGags":{}},
  {"cogLvl":9,"isLured":false,"gags":{"throw":1},"organicGags":{}},
  {"cogLvl":9,"isLured":false,"gags":{"squirt":4},"organicGags":{}},
  {"cogLvl":9,"isLured":false,"gags":{"squirt":3},"organicGags":{}},
  {"cogLvl":9,"isLured":false,"gags":{"squirt":2},"organicGags":{}},
  {"cogLvl":9,"isLured":false,"gags":{"squirt":1},"organicGags":{}},
  {"cogLvl":9,"isLured":false,"gags":{"drop":3,"sound":1},"organicGags":{}},
  {"cogLvl":9,"isLured":false,"gags":{"drop":2,"sound":1},"organicGags":{}},
  {"cogLvl":9,"isLured":false,"gags":{"drop":1,"sound":1},"organicGags":{}},
  {"cogLvl":9,"isLured":false,"gags":{"drop":1,"sound":0},"organicGags":{}},
  {"cogLvl":9,"isLured":false,"gags":{"drop":3,"throw":1},"organicGags":{}},
  {"cogLvl":9,"isLured":false,"gags":{"drop":2,"throw":1},"organicGags":{}},
  {"cogLvl":9,"isLured":false,"gags":{"drop":1,"throw":1},"organicGags":{}},
  {"cogLvl":9,"isLured":false,"gags":{"drop":1,"throw":0},"organicGags":{}},
  {"cogLvl":9,"isLured":false,"gags":{"drop":3,"squirt":1},"organicGags":{}},
  {"cogLvl":9,"isLured":false,"gags":{"drop":2,"squirt":1},"organicGags":{}},
  {"cogLvl":9,"isLured":false,"gags":{"drop":1,"squirt":1},"organicGags":{}},
  {"cogLvl":9,"isLured":false,"gags":{"drop":1,"squirt":0},"organicGags":{}},
  {"cogLvl":8,"isLured":false,"gags":{"sound":4},"organicGags":{}},
  {"cogLvl":8,"isLured":false,"gags":{"sound":3},"organicGags":{}},
  {"cogLvl":8,"isLured":false,"gags":{"sound":2},"organicGags":{}},
  {"cogLvl":8,"isLured":false,"gags":{"sound":1},"organicGags":{}},
  {"cogLvl":8,"isLured":false,"gags":{"throw":4},"organicGags":{}},
  {"cogLvl":8,"isLured":false,"gags":{"throw":3},"organicGags":{}},
  {"cogLvl":8,"isLured":false,"gags":{"throw":2},"organicGags":{}},
  {"cogLvl":8,"isLured":false,"gags":{"throw":1},"organicGags":{}},
  {"cogLvl":8,"isLured":false,"gags":{"squirt":4},"organicGags":{}},
  {"cogLvl":8,"isLured":false,"gags":{"squirt":3},"organicGags":{}},
  {"cogLvl":8,"isLured":false,"gags":{"squirt":2},"organicGags":{}},
  {"cogLvl":8,"isLured":false,"gags":{"squirt":1},"organicGags":{}},
  {"cogLvl":8,"isLured":false,"gags":{"drop":3,"sound":1},"organicGags":{}},
  {"cogLvl":8,"isLured":false,"gags":{"drop":2,"sound":1},"organicGags":{}},
  {"cogLvl":8,"isLured":false,"gags":{"drop":1,"sound":1},"organicGags":{}},
  {"cogLvl":8,"isLured":false,"gags":{"drop":1,"sound":0},"organicGags":{}},
  {"cogLvl":8,"isLured":false,"gags":{"drop":3,"throw":1},"organicGags":{}},
  {"cogLvl":8,"isLured":false,"gags":{"drop":2,"throw":1},"organicGags":{}},
  {"cogLvl":8,"isLured":false,"gags":{"drop":1,"throw":1},"organicGags":{}},
  {"cogLvl":8,"isLured":false,"gags":{"drop":1,"throw":0},"organicGags":{}},
  {"cogLvl":8,"isLured":false,"gags":{"drop":3,"squirt":1},"organicGags":{}},
  {"cogLvl":8,"isLured":false,"gags":{"drop":2,"squirt":1},"organicGags":{}},
  {"cogLvl":8,"isLured":false,"gags":{"drop":1,"squirt":1},"organicGags":{}},
  {"cogLvl":8,"isLured":false,"gags":{"drop":1,"squirt":0},"organicGags":{}},
  {"cogLvl":7,"isLured":false,"gags":{"sound":4},"organicGags":{}},
  {"cogLvl":7,"isLured":false,"gags":{"sound":3},"organicGags":{}},
  {"cogLvl":7,"isLured":false,"gags":{"sound":2},"organicGags":{}},
  {"cogLvl":7,"isLured":false,"gags":{"sound":1},"organicGags":{}},
  {"cogLvl":7,"isLured":false,"gags":{"throw":4},"organicGags":{}},
  {"cogLvl":7,"isLured":false,"gags":{"throw":3},"organicGags":{}},
  {"cogLvl":7,"isLured":false,"gags":{"throw":2},"organicGags":{}},
  {"cogLvl":7,"isLured":false,"gags":{"throw":1},"organicGags":{}},
  {"cogLvl":7,"isLured":false,"gags":{"squirt":4},"organicGags":{}},
  {"cogLvl":7,"isLured":false,"gags":{"squirt":3},"organicGags":{}},
  {"cogLvl":7,"isLured":false,"gags":{"squirt":2},"organicGags":{}},
  {"cogLvl":7,"isLured":false,"gags":{"squirt":1},"organicGags":{}},
  {"cogLvl":7,"isLured":false,"gags":{"drop":3,"sound":1},"organicGags":{}},
  {"cogLvl":7,"isLured":false,"gags":{"drop":2,"sound":1},"organicGags":{}},
  {"cogLvl":7,"isLured":false,"gags":{"drop":1,"sound":1},"organicGags":{}},
  {"cogLvl":7,"isLured":false,"gags":{"drop":1,"sound":0},"organicGags":{}},
  {"cogLvl":7,"isLured":false,"gags":{"drop":3,"throw":1},"organicGags":{}},
  {"cogLvl":7,"isLured":false,"gags":{"drop":2,"throw":1},"organicGags":{}},
  {"cogLvl":7,"isLured":false,"gags":{"drop":1,"throw":1},"organicGags":{}},
  {"cogLvl":7,"isLured":false,"gags":{"drop":1,"throw":0},"organicGags":{}},
  {"cogLvl":7,"isLured":false,"gags":{"drop":3,"squirt":1},"organicGags":{}},
  {"cogLvl":7,"isLured":false,"gags":{"drop":2,"squirt":1},"organicGags":{}},
  {"cogLvl":7,"isLured":false,"gags":{"drop":1,"squirt":1},"organicGags":{}},
  {"cogLvl":7,"isLured":false,"gags":{"drop":1,"squirt":0},"organicGags":{}},
  {"cogLvl":6,"isLured":false,"gags":{"sound":4},"organicGags":{}},
  {"cogLvl":6,"isLured":false,"gags":{"sound":3},"organicGags":{}},
  {"cogLvl":6,"isLured":false,"gags":{"sound":2},"organicGags":{}},
  {"cogLvl":6,"isLured":false,"gags":{"sound":1},"organicGags":{}},
  {"cogLvl":6,"isLured":false,"gags":{"throw":4},"organicGags":{}},
  {"cogLvl":6,"isLured":false,"gags":{"throw":3},"organicGags":{}},
  {"cogLvl":6,"isLured":false,"gags":{"throw":2},"organicGags":{}},
  {"cogLvl":6,"isLured":false,"gags":{"throw":1},"organicGags":{}},
  {"cogLvl":6,"isLured":false,"gags":{"squirt":4},"organicGags":{}},
  {"cogLvl":6,"isLured":false,"gags":{"squirt":3},"organicGags":{}},
  {"cogLvl":6,"isLured":false,"gags":{"squirt":2},"organicGags":{}},
  {"cogLvl":6,"isLured":false,"gags":{"squirt":1},"organicGags":{}},
  {"cogLvl":6,"isLured":false,"gags":{"drop":3,"sound":1},"organicGags":{}},
  {"cogLvl":6,"isLured":false,"gags":{"drop":2,"sound":1},"organicGags":{}},
  {"cogLvl":6,"isLured":false,"gags":{"drop":1,"sound":1},"organicGags":{}},
  {"cogLvl":6,"isLured":false,"gags":{"drop":1,"sound":0},"organicGags":{}},
  {"cogLvl":6,"isLured":false,"gags":{"drop":3,"throw":1},"organicGags":{}},
  {"cogLvl":6,"isLured":false,"gags":{"drop":2,"throw":1},"organicGags":{}},
  {"cogLvl":6,"isLured":false,"gags":{"drop":1,"throw":1},"organicGags":{}},
  {"cogLvl":6,"isLured":false,"gags":{"drop":1,"throw":0},"organicGags":{}},
  {"cogLvl":6,"isLured":false,"gags":{"drop":3,"squirt":1},"organicGags":{}},
  {"cogLvl":6,"isLured":false,"gags":{"drop":2,"squirt":1},"organicGags":{}},
  {"cogLvl":6,"isLured":false,"gags":{"drop":1,"squirt":1},"organicGags":{}},
  {"cogLvl":6,"isLured":false,"gags":{"drop":1,"squirt":0},"organicGags":{}},
  {"cogLvl":5,"isLured":false,"gags":{"sound":4},"organicGags":{}},
  {"cogLvl":5,"isLured":false,"gags":{"sound":3},"organicGags":{}},
  {"cogLvl":5,"isLured":false,"gags":{"sound":2},"organicGags":{}},
  {"cogLvl":5,"isLured":false,"gags":{"sound":1},"organicGags":{}},
  {"cogLvl":5,"isLured":false,"gags":{"throw":4},"organicGags":{}},
  {"cogLvl":5,"isLured":false,"gags":{"throw":3},"organicGags":{}},
  {"cogLvl":5,"isLured":false,"gags":{"throw":2},"organicGags":{}},
  {"cogLvl":5,"isLured":false,"gags":{"throw":1},"organicGags":{}},
  {"cogLvl":5,"isLured":false,"gags":{"squirt":4},"organicGags":{}},
  {"cogLvl":5,"isLured":false,"gags":{"squirt":3},"organicGags":{}},
  {"cogLvl":5,"isLured":false,"gags":{"squirt":2},"organicGags":{}},
  {"cogLvl":5,"isLured":false,"gags":{"squirt":1},"organicGags":{}},
  {"cogLvl":5,"isLured":false,"gags":{"drop":3,"sound":1},"organicGags":{}},
  {"cogLvl":5,"isLured":false,"gags":{"drop":2,"sound":1},"organicGags":{}},
  {"cogLvl":5,"isLured":false,"gags":{"drop":1,"sound":1},"organicGags":{}},
  {"cogLvl":5,"isLured":false,"gags":{"drop":1,"sound":0},"organicGags":{}},
  {"cogLvl":5,"isLured":false,"gags":{"drop":3,"throw":1},"organicGags":{}},
  {"cogLvl":5,"isLured":false,"gags":{"drop":2,"throw":1},"organicGags":{}},
  {"cogLvl":5,"isLured":false,"gags":{"drop":1,"throw":1},"organicGags":{}},
  {"cogLvl":5,"isLured":false,"gags":{"drop":1,"throw":0},"organicGags":{}},
  {"cogLvl":5,"isLured":false,"gags":{"drop":3,"squirt":1},"organicGags":{}},
  {"cogLvl":5,"isLured":false,"gags":{"drop":2,"squirt":1},"organicGags":{}},
  {"cogLvl":5,"isLured":false,"gags":{"drop":1,"squirt":1},"organicGags":{}},
  {"cogLvl":5,"isLured":false,"gags":{"drop":1,"squirt":0},"organicGags":{}},
  {"cogLvl":4,"isLured":false,"gags":{"sound":4},"organicGags":{}},
  {"cogLvl":4,"isLured":false,"gags":{"sound":3},"organicGags":{}},
  {"cogLvl":4,"isLured":false,"gags":{"sound":2},"organicGags":{}},
  {"cogLvl":4,"isLured":false,"gags":{"sound":1},"organicGags":{}},
  {"cogLvl":4,"isLured":false,"gags":{"throw":4},"organicGags":{}},
  {"cogLvl":4,"isLured":false,"gags":{"throw":3},"organicGags":{}},
  {"cogLvl":4,"isLured":false,"gags":{"throw":2},"organicGags":{}},
  {"cogLvl":4,"isLured":false,"gags":{"throw":1},"organicGags":{}},
  {"cogLvl":4,"isLured":false,"gags":{"squirt":4},"organicGags":{}},
  {"cogLvl":4,"isLured":false,"gags":{"squirt":3},"organicGags":{}},
  {"cogLvl":4,"isLured":false,"gags":{"squirt":2},"organicGags":{}},
  {"cogLvl":4,"isLured":false,"gags":{"squirt":1},"organicGags":{}},
  {"cogLvl":4,"isLured":false,"gags":{"drop":3,"sound":1},"organicGags":{}},
  {"cogLvl":4,"isLured":false,"gags":{"drop":2,"sound":1},"organicGags":{}},
  {"cogLvl":4,"isLured":false,"gags":{"drop":1,"sound":1},"organicGags":{}},
  {"cogLvl":4,"isLured":false,"gags":{"drop":1,"sound":0},"organicGags":{}},
  {"cogLvl":4,"isLured":false,"gags":{"drop":3,"throw":1},"organicGags":{}},
  {"cogLvl":4,"isLured":false,"gags":{"drop":2,"throw":1},"organicGags":{}},
  {"cogLvl":4,"isLured":false,"gags":{"drop":1,"throw":1},"organicGags":{}},
  {"cogLvl":4,"isLured":false,"gags":{"drop":1,"throw":0},"organicGags":{}},
  {"cogLvl":4,"isLured":false,"gags":{"drop":3,"squirt":1},"organicGags":{}},
  {"cogLvl":4,"isLured":false,"gags":{"drop":2,"squirt":1},"organicGags":{}},
  {"cogLvl":4,"isLured":false,"gags":{"drop":1,"squirt":1},"organicGags":{}},
  {"cogLvl":4,"isLured":false,"gags":{"drop":1,"squirt":0},"organicGags":{}},
  {"cogLvl":3,"isLured":false,"gags":{"sound":4},"organicGags":{}},
  {"cogLvl":3,"isLured":false,"gags":{"sound":3},"organicGags":{}},
  {"cogLvl":3,"isLured":false,"gags":{"sound":2},"organicGags":{}},
  {"cogLvl":3,"isLured":false,"gags":{"sound":1},"organicGags":{}},
  {"cogLvl":3,"isLured":false,"gags":{"throw":4},"organicGags":{}},
  {"cogLvl":3,"isLured":false,"gags":{"throw":3},"organicGags":{}},
  {"cogLvl":3,"isLured":false,"gags":{"throw":2},"organicGags":{}},
  {"cogLvl":3,"isLured":false,"gags":{"throw":1},"organicGags":{}},
  {"cogLvl":3,"isLured":false,"gags":{"squirt":4},"organicGags":{}},
  {"cogLvl":3,"isLured":false,"gags":{"squirt":3},"organicGags":{}},
  {"cogLvl":3,"isLured":false,"gags":{"squirt":2},"organicGags":{}},
  {"cogLvl":3,"isLured":false,"gags":{"squirt":1},"organicGags":{}},
  {"cogLvl":3,"isLured":false,"gags":{"drop":3,"sound":1},"organicGags":{}},
  {"cogLvl":3,"isLured":false,"gags":{"drop":2,"sound":1},"organicGags":{}},
  {"cogLvl":3,"isLured":false,"gags":{"drop":1,"sound":1},"organicGags":{}},
  {"cogLvl":3,"isLured":false,"gags":{"drop":1,"sound":0},"organicGags":{}},
  {"cogLvl":3,"isLured":false,"gags":{"drop":3,"throw":1},"organicGags":{}},
  {"cogLvl":3,"isLured":false,"gags":{"drop":2,"throw":1},"organicGags":{}},
  {"cogLvl":3,"isLured":false,"gags":{"drop":1,"throw":1},"organicGags":{}},
  {"cogLvl":3,"isLured":false,"gags":{"drop":1,"throw":0},"organicGags":{}},
  {"cogLvl":3,"isLured":false,"gags":{"drop":3,"squirt":1},"organicGags":{}},
  {"cogLvl":3,"isLured":false,"gags":{"drop":2,"squirt":1},"organicGags":{}},
  {"cogLvl":3,"isLured":false,"gags":{"drop":1,"squirt":1},"organicGags":{}},
  {"cogLvl":3,"isLured":false,"gags":{"drop":1,"squirt":0},"organicGags":{}},
  {"cogLvl":2,"isLured":false,"gags":{"sound":4},"organicGags":{}},
  {"cogLvl":2,"isLured":false,"gags":{"sound":3},"organicGags":{}},
  {"cogLvl":2,"isLured":false,"gags":{"sound":2},"organicGags":{}},
  {"cogLvl":2,"isLured":false,"gags":{"sound":1},"organicGags":{}},
  {"cogLvl":2,"isLured":false,"gags":{"throw":4},"organicGags":{}},
  {"cogLvl":2,"isLured":false,"gags":{"throw":3},"organicGags":{}},
  {"cogLvl":2,"isLured":false,"gags":{"throw":2},"organicGags":{}},
  {"cogLvl":2,"isLured":false,"gags":{"throw":1},"organicGags":{}},
  {"cogLvl":2,"isLured":false,"gags":{"squirt":4},"organicGags":{}},
  {"cogLvl":2,"isLured":false,"gags":{"squirt":3},"organicGags":{}},
  {"cogLvl":2,"isLured":false,"gags":{"squirt":2},"organicGags":{}},
  {"cogLvl":2,"isLured":false,"gags":{"squirt":1},"organicGags":{}},
  {"cogLvl":2,"isLured":false,"gags":{"drop":3,"sound":1},"organicGags":{}},
  {"cogLvl":2,"isLured":false,"gags":{"drop":2,"sound":1},"organicGags":{}},
  {"cogLvl":2,"isLured":false,"gags":{"drop":1,"sound":1},"organicGags":{}},
  {"cogLvl":2,"isLured":false,"gags":{"drop":1,"sound":0},"organicGags":{}},
  {"cogLvl":2,"isLured":false,"gags":{"drop":3,"throw":1},"organicGags":{}},
  {"cogLvl":2,"isLured":false,"gags":{"drop":2,"throw":1},"organicGags":{}},
  {"cogLvl":2,"isLured":false,"gags":{"drop":1,"throw":1},"organicGags":{}},
  {"cogLvl":2,"isLured":false,"gags":{"drop":1,"throw":0},"organicGags":{}},
  {"cogLvl":2,"isLured":false,"gags":{"drop":3,"squirt":1},"organicGags":{}},
  {"cogLvl":2,"isLured":false,"gags":{"drop":2,"squirt":1},"organicGags":{}},
  {"cogLvl":2,"isLured":false,"gags":{"drop":1,"squirt":1},"organicGags":{}},
  {"cogLvl":2,"isLured":false,"gags":{"drop":1,"squirt":0},"organicGags":{}},
  {"cogLvl":1,"isLured":false,"gags":{"sound":4},"organicGags":{}},
  {"cogLvl":1,"isLured":false,"gags":{"sound":3},"organicGags":{}},
  {"cogLvl":1,"isLured":false,"gags":{"sound":2},"organicGags":{}},
  {"cogLvl":1,"isLured":false,"gags":{"sound":1},"organicGags":{}},
  {"cogLvl":1,"isLured":false,"gags":{"throw":4},"organicGags":{}},
  {"cogLvl":1,"isLured":false,"gags":{"throw":3},"organicGags":{}},
  {"cogLvl":1,"isLured":false,"gags":{"throw":2},"organicGags":{}},
  {"cogLvl":1,"isLured":false,"gags":{"throw":1},"organicGags":{}},
  {"cogLvl":1,"isLured":false,"gags":{"squirt":4},"organicGags":{}},
  {"cogLvl":1,"isLured":false,"gags":{"squirt":3},"organicGags":{}},
  {"cogLvl":1,"isLured":false,"gags":{"squirt":2},"organicGags":{}},
  {"cogLvl":1,"isLured":false,"gags":{"squirt":1},"organicGags":{}},
  {"cogLvl":1,"isLured":false,"gags":{"drop":3,"sound":1},"organicGags":{}},
  {"cogLvl":1,"isLured":false,"gags":{"drop":2,"sound":1},"organicGags":{}},
  {"cogLvl":1,"isLured":false,"gags":{"drop":1,"sound":1},"organicGags":{}},
  {"cogLvl":1,"isLured":false,"gags":{"drop":1,"sound":0},"organicGags":{}},
  {"cogLvl":1,"isLured":false,"gags":{"drop":3,"throw":1},"organicGags":{}},
  {"cogLvl":1,"isLured":false,"gags":{"drop":2,"throw":1},"organicGags":{}},
  {"cogLvl":1,"isLured":false,"gags":{"drop":1,"throw":1},"organicGags":{}},
  {"cogLvl":1,"isLured":false,"gags":{"drop":1,"throw":0},"organicGags":{}},
  {"cogLvl":1,"isLured":false,"gags":{"drop":3,"squirt":1},"organicGags":{}},
  {"cogLvl":1,"isLured":false,"gags":{"drop":2,"squirt":1},"organicGags":{}},
  {"cogLvl":1,"isLured":false,"gags":{"drop":1,"squirt":1},"organicGags":{}},
  {"cogLvl":1,"isLured":false,"gags":{"drop":1,"squirt":0},"organicGags":{}},
]
`;
